// Vitest Snapshot v1, https://vitest.dev/guide/snapshot.html

exports[`e2e:utils > should expose public api 1`] = `
[
  "isArgument",
  "isCommandError",
  "isKronkError",
  "isKronkEvent",
  "isOption",
]
`;
