// Vitest Snapshot v1, https://vitest.dev/guide/snapshot.html

exports[`e2e:errors > should expose public api 1`] = `
[
  "CommandError",
  "KronkError",
]
`;
