// Vitest Snapshot v1, https://vitest.dev/guide/snapshot.html

exports[`e2e:parsers > should expose public api 1`] = `
[
  "bool",
  "number",
  "unique",
]
`;
