// Vitest Snapshot v1, https://vitest.dev/guide/snapshot.html

exports[`unit:lib/Argument > should throw if argument syntax is invalid 1`] = `"Invalid command-argument syntax for Argument([] <>)"`;
