// Vitest Snapshot v1, https://vitest.dev/guide/snapshot.html

exports[`e2e:lib > should expose public api 1`] = `
[
  "Argument",
  "Command",
  "Option",
]
`;
