// Vitest Snapshot v1, https://vitest.dev/guide/snapshot.html

exports[`e2e:events > should expose public api 1`] = `
[
  "KronkEvent",
  "OptionEvent",
]
`;
