// Vitest Snapshot v1, https://vitest.dev/guide/snapshot.html

exports[`e2e:kronk > should expose public api 1`] = `
[
  "optionValueSource",
  "Argument",
  "Command",
  "Option",
  "VersionOption",
  "CommandError",
  "KronkError",
  "KronkEvent",
  "OptionEvent",
  "isArgument",
  "isCommandError",
  "isKronkError",
  "isKronkEvent",
  "isOption",
]
`;
